#-----------------------------------------------------------
# Vivado v2016.4 (64-bit)
# SW Build 1733598 on Wed Dec 14 22:35:39 MST 2016
# IP Build 1731160 on Wed Dec 14 23:47:21 MST 2016
# Start of session at: Fri Dec 30 23:31:17 2016
# Process ID: 20308
# Current directory: D:/Document/Verilog/VGA
# Command line: vivado.exe -gui_launcher_event rodinguilauncherevent18308 D:\Document\Verilog\VGA\VGA.xpr
# Log file: D:/Document/Verilog/VGA/vivado.log
# Journal file: D:/Document/Verilog/VGA\vivado.jou
#-----------------------------------------------------------
start_gui
open_project D:/Document/Verilog/VGA/VGA.xpr
open_hw
connect_hw_server
open_hw_target
set_property PROGRAM.FILE {D:/Document/Verilog/VGA/VGA.runs/impl_1/top.bit} [lindex [get_hw_devices xc7a35t_0] 0]
current_hw_device [lindex [get_hw_devices xc7a35t_0] 0]
refresh_hw_device -update_hw_probes false [lindex [get_hw_devices xc7a35t_0] 0]
create_hw_cfgmem -hw_device [lindex [get_hw_devices] 0] -mem_dev [lindex [get_cfgmem_parts {s25fl032p-spi-x1_x2_x4}] 0]
disconnect_hw_server localhost:3121
connect_hw_server
open_hw_target
set_property PROGRAM.FILE {D:/Document/Verilog/VGA/VGA.runs/impl_1/top.bit} [lindex [get_hw_devices xc7a35t_0] 0]
current_hw_device [lindex [get_hw_devices xc7a35t_0] 0]
refresh_hw_device -update_hw_probes false [lindex [get_hw_devices xc7a35t_0] 0]
create_hw_cfgmem -hw_device [lindex [get_hw_devices] 0] -mem_dev [lindex [get_cfgmem_parts {s25fl032p-spi-x1_x2_x4}] 0]
set_property PROBES.FILE {} [lindex [get_hw_devices xc7a35t_0] 0]
set_property PROGRAM.FILE {D:/Document/Verilog/VGA/VGA.runs/impl_1/top.bit} [lindex [get_hw_devices xc7a35t_0] 0]
program_hw_devices [lindex [get_hw_devices xc7a35t_0] 0]
refresh_hw_device [lindex [get_hw_devices xc7a35t_0] 0]
